// Jest Snapshot v1, https://goo.gl/fbAQLP

exports[`Dropdown menu button Matches the snapshot 1`] = `
<li
  className="listItem"
>
  <button
    className="link"
  >
    foo
  </button>
</li>
`;
